// Jest Snapshot v1, https://goo.gl/fbAQLP

exports[`Login Home Component matches the snapshot 1`] = `
<section
  id="login"
>
  <div
    className="container"
  >
    <div
      className="wrapper"
    >
      <h1
        className="heading"
      >
        Ping-Pong
      </h1>
      <span
        style={
          Object {
            "opacity": 0.6,
            "transition": "opacity 0.5s",
          }
        }
      >
        <button
          className="kep-login-facebook metro"
          onClick={[Function]}
          type="button"
        >
          Continue with Facebook
        </button>
        <style
          dangerouslySetInnerHTML={
            Object {
              "__html": Array [
                Array [
                  10,
                  ".kep-login-facebook{font-family:Helvetica,sans-serif;font-weight:700;-webkit-font-smoothing:antialiased;color:#fff;cursor:pointer;display:inline-block;font-size:calc(.27548vw + 12.71074px);text-decoration:none;text-transform:uppercase;transition:background-color .3s,border-color .3s;background-color:#4c69ba;border:calc(.06887vw + .67769px) solid #4c69ba;padding:calc(.34435vw + 13.38843px) calc(.34435vw + 18.38843px)}.kep-login-facebook.small{padding:calc(.34435vw + 3.38843px) calc(.34435vw + 8.38843px)}.kep-login-facebook.medium{padding:calc(.34435vw + 8.38843px) calc(.34435vw + 13.38843px)}.kep-login-facebook.metro{border-radius:0}.kep-login-facebook .fa{margin-right:calc(.34435vw + 3.38843px)}",
                  "",
                ],
              ],
            }
          }
        />
      </span>
    </div>
  </div>
</section>
`;
